d:\c++编程\1\project6模板\project6模板\x64\debug\vc143.pdb
d:\c++编程\1\project6模板\project6模板\x64\debug\vc143.idb
d:\c++编程\1\project6模板\project6模板\x64\debug\person.obj
d:\c++编程\1\project6模板\project6模板\x64\debug\7类模板.obj
d:\c++编程\1\project6模板\project6模板\x64\debug\6模板局限性.obj
d:\c++编程\1\project6模板\project6模板\x64\debug\5普通函数与函数模板的调用规则.obj
d:\c++编程\1\project6模板\project6模板\x64\debug\4.普通函数与函数模板区别.obj
d:\c++编程\1\project6模板\project6模板\x64\debug\1.模板.obj
d:\c++编程\1\project6模板\project6模板\x64\debug\2.函数模板注意事项.obj
d:\c++编程\1\project6模板\project6模板\x64\debug\3.例子.obj
d:\c++编程\1\project6模板\project6模板\x64\debug\project6模板.ilk
d:\c++编程\1\project6模板\x64\debug\project6模板.exe
d:\c++编程\1\project6模板\x64\debug\project6模板.pdb
d:\c++编程\1\project6模板\project6模板\x64\debug\project6模板.tlog\cl.command.1.tlog
d:\c++编程\1\project6模板\project6模板\x64\debug\project6模板.tlog\cl.read.1.tlog
d:\c++编程\1\project6模板\project6模板\x64\debug\project6模板.tlog\cl.write.1.tlog
d:\c++编程\1\project6模板\project6模板\x64\debug\project6模板.tlog\link.read.2.tlog
d:\c++编程\1\project6模板\project6模板\x64\debug\project6模板.tlog\link.write.1.tlog
d:\c++编程\1\project6模板\project6模板\x64\debug\project6模板.tlog\link.command.1.tlog
d:\c++编程\1\project6模板\project6模板\x64\debug\project6模板.tlog\cl.items.tlog
